# Synospys Constraint Checker(syntax only), version maprc, Build 1512R, built Mar 13 2013
# Copyright (C) 1994-2013, Synopsys, Inc. This software and the associated documentation are proprietary to Synopsys, Inc. This software may only be used in accordance with the terms and conditions of a written license agreement with Synopsys, Inc.  All other use or distribution of the software is strictly prohibited.

# Written on Thu May 29 07:11:09 2014


##### DESIGN INFO #######################################################

Top View:                "ladder_fpga"
Constraint File(s):      "C:\work\SSD\laddercard\fpga\ladder_fpga_v0e\rev_1\ladder_fpga_fsm.sdc"
                         "C:\work\SSD\laddercard\fpga\ladder_fpga_v0e\rev_1\pin_assign.sdc"
                         "C:\work\SSD\laddercard\fpga\ladder_fpga_v0e\ladder_fpga.sdc"

#Run constraint checker to find more issues with constraints.
#########################################################################



Constraints with issues
***********************

define_input_delay { data_serial[15:0] } -improve { 0.00 } -route { 0.00 } -ref { ladder_fpga_clock80MHz:f }
	@E:"C:/work/SSD/laddercard/fpga/ladder_fpga_v0e/ladder_fpga.sdc":40:0:40:0|param { value } must be defined
	@N:"C:/work/SSD/laddercard/fpga/ladder_fpga_v0e/ladder_fpga.sdc":40:0:40:0|Setting default value to "0".
define_output_delay { adc_cs_n[7:0] } -improve { 0.00 } -route { 0.00 } -ref { ladder_fpga_clock80MHz:f }
	@E:"C:/work/SSD/laddercard/fpga/ladder_fpga_v0e/ladder_fpga.sdc":39:0:39:0|param { value } must be defined
	@N:"C:/work/SSD/laddercard/fpga/ladder_fpga_v0e/ladder_fpga.sdc":39:0:39:0|Setting default value to "0".



Clock Summary
**************

Start                                                               Requested     Requested     Clock                              Clock              
Clock                                                               Frequency     Period        Type                               Group              
------------------------------------------------------------------------------------------------------------------------------------------------------
System                                                              1.0 MHz       1000.000      system                             system_clkgroup    
sc_tck                                                              10.0 MHz      100.000       declared                           default_clkgroup_0 
clockIR                                                             10.0 MHz      100.000       declared                           default_clkgroup_0 
clockDR                                                             10.0 MHz      100.000       declared                           default_clkgroup_0 
temperature                                                         10.0 MHz      100.000       declared                           default_clkgroup_1 
switchover                                                          40.0 MHz      25.000        declared                           default_clkgroup_2 
tempclk4M                                                           4.0 MHz       250.000       declared                           default_clkgroup_1 
clock40mhz_fpga                                                     40.0 MHz      25.000        declared                           default_clkgroup_3 
clock40mhz_xtal                                                     40.0 MHz      25.000        declared                           default_clkgroup_4 
ladder_fpga_clock80MHz                                              80.0 MHz      12.500        declared                           default_clkgroup_2 
updateIR                                                            10.0 MHz      100.000       declared                           default_clkgroup_0 
updateDR                                                            10.0 MHz      100.000       declared                           default_clkgroup_0 
mega_func_pll_40MHz_switchover_cycloneIII|c0_derived_clock          40.0 MHz      25.000        derived (from clock40mhz_fpga)     default_clkgroup_3 
mega_func_pll_40MHz_switchover_cycloneIII|c1_derived_clock          80.0 MHz      12.500        derived (from clock40mhz_fpga)     default_clkgroup_3 
mega_func_pll_40MHz_switchover_cycloneIII|c2_derived_clock          4.0 MHz       250.000       derived (from clock40mhz_fpga)     default_clkgroup_3 
mega_func_pll_40MHz_switchover_cycloneIII|clkbad0_derived_clock     40.0 MHz      25.000        derived (from clock40mhz_fpga)     default_clkgroup_3 
mega_func_pll_40MHz_switchover_cycloneIII|clkbad1_derived_clock     80.0 MHz      12.500        derived (from clock40mhz_fpga)     default_clkgroup_3 
ladder_fpga|holdin_echelle                                          1.0 MHz       1000.000      inferred                           Inferred_clkgroup_0
ladder_fpga|testin_echelle                                          1.0 MHz       1000.000      inferred                           Inferred_clkgroup_1
tap_control|sc_updateDR_0x01_derived_clock                          10.0 MHz      100.000       derived (from sc_tck)              default_clkgroup_0 
tap_control|sc_updateDR_0x03_derived_clock                          10.0 MHz      100.000       derived (from sc_tck)              default_clkgroup_0 
tap_control|sc_updateDR_0x04_derived_clock                          10.0 MHz      100.000       derived (from sc_tck)              default_clkgroup_0 
tap_control|sc_updateDR_0x08_derived_clock                          10.0 MHz      100.000       derived (from sc_tck)              default_clkgroup_0 
tap_control|sc_updateDR_0x09_derived_clock                          10.0 MHz      100.000       derived (from sc_tck)              default_clkgroup_0 
tap_control|sc_updateDR_0x0b_derived_clock                          10.0 MHz      100.000       derived (from sc_tck)              default_clkgroup_0 
======================================================================================================================================================
